------------------------------------------------------------
TimeQuest Timing Analyzer Summary
------------------------------------------------------------

Type  : Slow 1100mV 85C Model Setup 'clock'
Slack : -3.504
TNS   : -228.018

Type  : Slow 1100mV 85C Model Hold 'clock'
Slack : 0.445
TNS   : 0.000

Type  : Slow 1100mV 85C Model Minimum Pulse Width 'clock'
Slack : -0.538
TNS   : -52.410

Type  : Slow 1100mV 0C Model Setup 'clock'
Slack : -3.510
TNS   : -224.563

Type  : Slow 1100mV 0C Model Hold 'clock'
Slack : 0.450
TNS   : 0.000

Type  : Slow 1100mV 0C Model Minimum Pulse Width 'clock'
Slack : -0.538
TNS   : -53.616

Type  : Fast 1100mV 85C Model Setup 'clock'
Slack : -1.191
TNS   : -73.360

Type  : Fast 1100mV 85C Model Hold 'clock'
Slack : 0.181
TNS   : 0.000

Type  : Fast 1100mV 85C Model Minimum Pulse Width 'clock'
Slack : -0.099
TNS   : -6.386

Type  : Fast 1100mV 0C Model Setup 'clock'
Slack : -1.025
TNS   : -61.896

Type  : Fast 1100mV 0C Model Hold 'clock'
Slack : 0.173
TNS   : 0.000

Type  : Fast 1100mV 0C Model Minimum Pulse Width 'clock'
Slack : -0.099
TNS   : -6.479

------------------------------------------------------------
